<!DOCTYPE html>
<html lang="en">

<head>
  <meta charset="UTF-8">
  <meta name="viewport" content="width=device-width, initial-scale=1.0">
  <meta http-equiv="X-UA-Compatible" content="ie=edge">
  <title>Golden</title>
  <link rel="stylesheet" href="css/style.min.css">
</head>

<body>

  <body>
    <div id="upwards"></div>
    <div id="arrow">
      <a href="#upwards">
        <img src="images/arrow.png" width="50" height="50"></a>
    </div>
    <header>
      <div class="heading  ">
        <div class="heading__wrap">
          <a class="logo" href="#">
            <img src="images/logo.png" alt="Golden" class="logo">
          </a>
          <nav class="navigator">
            <ul class="menu">
              <li>
                <a href="#upwards">Home</a>
              </li>
              <li>
                <a href="#Services_WWW">Services
                </a>
              </li>
              <li>
                <a href="#Portfolio_WWW">Portfolio
                </a>
              </li>
              <li>
                <a href="#About_WWW">About
                </a>
              </li>
              <li>
                <a href="#contact_WWW">Contact
                </a>
              </li>
            </ul>
          </nav>
          <div class="header__burger">
            <span></span>
          </div>
        </div>

      </div>
      <div class="container" id="upwards">
        <div class="titles">
          <div class="titles_first">
            Welcome To Our Studio!Jesus.
          </div>
          <h1>
            It’s nice to Meet you
          </h1>
        </div>
        <a class="button" href="#">Tell Me More</a>
      </div>
    </header>
    <section id="servises">
      <div class="container" id="Services_WWW">
        <div class="title">
          <h2>
            Servises
          </h2>
          <p>
            Hava nagila hava Hava nagila hava!
          </p>
        </div>
        <div class="servises  ">
          <div class="servises_item">
            <img src="images/icon1.png" alt="Услуга">
            <h3>
              E-Commerse
            </h3>
            <p>
              "I will be meeting again with first responders, including St John’s ambulance and front-line support
              staff.
              I plan on meeting with family
            </p>
          </div>
          <div class="servises_item">
            <img src="images/icon2.png" alt="Услуга">
            <h3>
              Responsive Web
            </h3>
            <p>
              "I will be meeting again with first responders, including St John’s ambulance and front-line support
              staff.
              I plan on meeting with family
            </p>
          </div>
          <div class="servises_item">
            <img src="images/icon3.png" alt="Услуга">
            <h3>
              Web Secirity
            </h3>
            <p>
              "I will be meeting again with first responders, including St John’s ambulance and front-line support
              staff.
              I plan on meeting with family
          </div>
        </div>
      </div>
    </section>
    <section id="portfolio" class="portfolio">
      <div class="container" id="Portfolio_WWW">
        <div class="title">
          <h2>
            Our portfolio
          </h2>
          <p>
            England student teching Ukrainian language.Beach.!
          </p>
        </div>
        <div class="work">
          <img src="images/img1.jpg" alt="Работа">
          <img src="images/img2.jpg" alt="Работа">
          <img src="images/img3.jpg" alt="Работа">
        </div>
      </div>
    </section>
    <section id="About_WWW">
      <div class="container">
        <div class="title" >
          <h2>
            About Us
          </h2>
          <p>
            Front-end develiper in UA, Slava Ukraune
          </p>
        </div>
        <div class="finish_R">
          
          <div class="title_R">
            <h2>
              July 2010
              Our Humble Beginnings
            </h2>
            <p>Proin iaculis purus consequat sem cure
            digni ssim. Donec porttitora entum suscipit
            aenean rhoncus posuere odio in tincidunt. Proin
            iaculis purus consequat sem cure digni
            ssim. Donec porttitora entum suscipit.
            </p>
            </div>
            <img src="images/about1.jpg" alt="finishR">
          </div>  
          <div class="finish_L">
            <img src="images/about2.jpg" alt="finishL">
            <div class="title_L">
              <h2>
                January 2011
                Facing Startup Battles

              </h2>
              <p>Proin iaculis purus consequat sem cure digni ssim. Donec porttitora entum suscipit aenean rhoncus posuere odio in
              tincidunt. Proin iaculis purus consequat sem cure digni ssim. Donec porttitora entum suscipit aenean.
            </p>
            </div>
            </div>
            <div class="finish_R">
              
              <div class="title_R">
                <h2>
                  December 2012
                  Enter The Dark Days

                </h2>
                <p>IT engineers are employed in many different industries to create, install, or troubleshoot technology
                  and software programs. If you would like to become an IT </p>
              </div>
              <img src="images/about3.jpg" alt="finishRR">
              </div>
              <div class="finish_L">
                <img src="images/about4.jpg" alt="finishLL">
                <div class="title_L">
                  <h2>
                    february 2014
                    Our Triumph

                  </h2>
                  <p>
                    Proin iaculis purus consequat sem cure
                  digni ssim. Donec porttitora entum suscipit
                  aenean rhoncus posuere odio in tincidunt. Proin
                  iaculis purus consequat sem cure digni
                  ssim. Donec porttitora entum suscipit aenean.
                 </p>
                </div>
              </div>
            </div>
    </section>
    <footer>
      <div class="container">
        <div class="footer" id="contact_WWW">
          <p>
            <blink>Telegram @Hel1<font color="#FF4500">_</font>Yeah. 27.03.2019
          </p>
        </div>
      </div>
      </div>
    </footer>
    </div>
  </body>

  <script src="https://ajax.googleapis.com/ajax/libs/jquery/3.4.1/jquery.min.js"></script>
  <script src="js/libs.min.js"></script>
  <script src="js/main.js"></script>
</body>

</html>